Microchip MPLAB XC8 Compiler V2.32

Linker command line:

-W-3 --edf=C:\Program Files\Microchip\xc8\v2.32\pic\dat\en_msgs.txt -cn \
  -h+dist/default/production\Incubator.X.production.sym \
  --cmf=dist/default/production\Incubator.X.production.cmf -z -Q16F877A \
  -oC:\Users\Admin\AppData\Local\Temp\xcAs5p8.4 --defsym=__MPLAB_BUILD=1 \
  -Mdist/default/production/Incubator.X.production.map -E1 \
  -ver=XC8 Compiler --acfsm=1493 -ASTACK=0110h-016Fh -pstack=STACK \
  -ACODE=00h-07FFhx4 -ASTRCODE=00h-01FFFh -ASTRING=00h-0FFhx32 \
  -ACONST=00h-0FFhx32 -AENTRY=00h-0FFhx32 -ACOMMON=070h-07Fh \
  -ABANK0=020h-06Fh -ABANK1=0A0h-0EFh -ABANK2=0110h-016Fh \
  -ABANK3=0190h-01EFh -ARAM=020h-06Fh,0A0h-0EFh,0110h-016Fh,0190h-01EFh \
  -AABS1=020h-07Fh,0A0h-0EFh,0110h-016Fh,0190h-01EFh -ASFR0=00h-01Fh \
  -ASFR1=080h-09Fh -ASFR2=0100h-010Fh -ASFR3=0180h-018Fh \
  -ACONFIG=02007h-02007h -DCONFIG=2 -AIDLOC=02000h-02003h -DIDLOC=2 \
  -AEEDATA=00h-0FFh/02100h -peeprom_data=EEDATA -DEEDATA=2 -DCODE=2 \
  -DSTRCODE=2 -DSTRING=2 -DCONST=2 -DENTRY=2 \
  -preset_vec=00h,intentry=04h,init,end_init -ppowerup=CODE -pcinit=CODE \
  -pfunctab=ENTRY -k C:\Users\Admin\AppData\Local\Temp\xcAs5p8.o \
  dist/default/production\Incubator.X.production.o 

Object code version is 3.11

Machine type is 16F877A



                Name                               Link     Load   Length Selector   Space Scale
C:\Users\Admin\AppData\Local\Temp\xcAs5p8.o
                end_init                              C        C        3        8       0
                reset_vec                             0        0        3        0       0
                config                             2007     2007        1        0       4
dist/default/production\Incubator.X.production.o
                cinit                                 F        F       49        8       0
                intentry                              4        4        8        8       0
                config                             2007     2007        1        0       4
                text22                              E02      E02       97     1C04       0
                text21                              D1D      D1D       69     1A3A       0
                text20                              B52      B52       27     16A4       0
                text19                              E99      E99       AB     1D32       0
                text18                              B0D      B0D       20     161A       0
                text17                              AF1      AF1       1C     15E2       0
                text16                              AB7      AB7        D     156E       0
                text15                              CB9      CB9       64     1972       0
                text14                              C61      C61       58     18C2       0
                text13                              BDE      BDE       3D     17BC       0
                text12                              B2D      B2D       25     165A       0
                text11                              3B9      3B9      1DD        8       0
                text10                              B79      B79       29     16F2       0
                text9                                58       58      361        8       0
                text8                               D86      D86       7C     1B0C       0
                text7                               F44      F44       BC     1E88       0
                text6                               787      787       78        8       0
                text5                               AD9      AD9       18     15B2       0
                text4                               AC4      AC4       15     1588       0
                text3                               C1B      C1B       46     1836       0
                text2                               BA2      BA2       3C     1744       0
                text1                               69D      69D       EA        8       0
                maintext                            596      596      107        8       0
                cstackBANK0                          20       20       2C       20       1
                cstackCOMMON                         70       70        5       70       1
                cstackBANK1                          A0       A0       10       A0       1
                clrtext                             AAF      AAF        8     155E       0
                dataBANK1                            B2       B2        2       A0       1
                bssBANK1                             B0       B0        2       A0       1
                dataBANK0                            5E       5E        6       20       1
                bssBANK0                             4C       4C       12       20       1
                bssCOMMON                            75       75        4       70       1
                strings                             800      800       26     1000       0
                idataBANK1                          AA7      AA7        2     154E       0
                idataBANK0                          AA9      AA9        6     1552       0

TOTAL           Name                               Link     Load   Length     Space
        CLASS   STACK          

        CLASS   CODE           
                end_init                              C        C        3         0
                cinit                                 F        F       49         0
                intentry                              4        4        8         0
                reset_vec                             0        0        3         0
                text22                              E02      E02       97         0
                text21                              D1D      D1D       69         0
                text20                              B52      B52       27         0
                text19                              E99      E99       AB         0
                text18                              B0D      B0D       20         0
                text17                              AF1      AF1       1C         0
                text16                              AB7      AB7        D         0
                text15                              CB9      CB9       64         0
                text14                              C61      C61       58         0
                text13                              BDE      BDE       3D         0
                text12                              B2D      B2D       25         0
                text11                              3B9      3B9      1DD         0
                text10                              B79      B79       29         0
                text9                                58       58      361         0
                text8                               D86      D86       7C         0
                text7                               F44      F44       BC         0
                text6                               787      787       78         0
                text5                               AD9      AD9       18         0
                text4                               AC4      AC4       15         0
                text3                               C1B      C1B       46         0
                text2                               BA2      BA2       3C         0
                text1                               69D      69D       EA         0
                maintext                            596      596      107         0
                clrtext                             AAF      AAF        8         0
                idataBANK1                          AA7      AA7        2         0
                idataBANK0                          AA9      AA9        6         0

        CLASS   STRCODE        

        CLASS   STRING         
                strings                             800      800       26         0

        CLASS   CONST          

        CLASS   ENTRY          

        CLASS   COMMON         
                cstackCOMMON                         70       70        5         1
                bssCOMMON                            75       75        4         1

        CLASS   BANK0          
                cstackBANK0                          20       20       2C         1
                dataBANK0                            5E       5E        6         1
                bssBANK0                             4C       4C       12         1

        CLASS   BANK1          
                cstackBANK1                          A0       A0       10         1
                dataBANK1                            B2       B2        2         1
                bssBANK1                             B0       B0        2         1

        CLASS   BANK2          

        CLASS   BANK3          

        CLASS   RAM            

        CLASS   ABS1           
                abs_s1                               7E       7E        2         1

        CLASS   SFR0           

        CLASS   SFR1           

        CLASS   SFR2           

        CLASS   SFR3           

        CLASS   CONFIG         
                config                             2007     2007        1         4

        CLASS   IDLOC          

        CLASS   EEDATA         



SEGMENTS        Name                           Load    Length   Top    Selector   Space  Class     Delta

                reset_vec                      000000  000003  000003         0       0  CODE        2
                intentry                       000004  0007FB  0007FF         8       0  CODE        2
                cstackBANK0                    000020  000044  000064        20       1  BANK0       1
                cstackCOMMON                   000070  000009  000079        70       1  COMMON      1
                cstackBANK1                    0000A0  000014  0000B4        A0       1  BANK1       1
                strings                        000800  000026  000826      1000       0  STRING      2
                idataBANK1                     000AA7  000002  000AA9      154E       0  CODE        2
                idataBANK0                     000AA9  000006  000AAF      1552       0  CODE        2
                clrtext                        000AAF  000008  000AB7      155E       0  CODE        2
                text16                         000AB7  00000D  000AC4      156E       0  CODE        2
                text4                          000AC4  000015  000AD9      1588       0  CODE        2
                text5                          000AD9  000018  000AF1      15B2       0  CODE        2
                text17                         000AF1  00001C  000B0D      15E2       0  CODE        2
                text18                         000B0D  000020  000B2D      161A       0  CODE        2
                text12                         000B2D  000025  000B52      165A       0  CODE        2
                text20                         000B52  000027  000B79      16A4       0  CODE        2
                text10                         000B79  000029  000BA2      16F2       0  CODE        2
                text2                          000BA2  00003C  000BDE      1744       0  CODE        2
                text13                         000BDE  00003D  000C1B      17BC       0  CODE        2
                text3                          000C1B  000046  000C61      1836       0  CODE        2
                text14                         000C61  000058  000CB9      18C2       0  CODE        2
                text15                         000CB9  000064  000D1D      1972       0  CODE        2
                text21                         000D1D  000069  000D86      1A3A       0  CODE        2
                text8                          000D86  00007C  000E02      1B0C       0  CODE        2
                text22                         000E02  000097  000E99      1C04       0  CODE        2
                text19                         000E99  0000AB  000F44      1D32       0  CODE        2
                text7                          000F44  0000BC  001000      1E88       0  CODE        2


UNUSED ADDRESS RANGES

        Name                Unused          Largest block    Delta
        BANK0            0064-006F              C           1
        BANK1            00B4-00EF             3C           1
        BANK2            0110-016F             60           1
        BANK3            0190-01EF             60           1
        CODE             0003-0003              1           2
                         07FF-07FF              1
                         0826-0AA6            281
                         1000-1FFF            800
        COMMON           0079-007D              5           1
        CONST            0003-0003              1           2
                         07FF-07FF              1
                         0826-0AA6            100
                         1000-1FFF            100
        EEDATA           2100-21FF            100           2
        ENTRY            0003-0003              1           2
                         07FF-07FF              1
                         0826-0AA6            100
                         1000-1FFF            100
        IDLOC            2000-2003              4           2
        RAM              0064-006F              C           1
                         00B4-00EF             3C
                         0110-016F             60
                         0190-01EF             60
        SFR0             0000-001F             20           1
        SFR1             0080-009F             20           1
        SFR2             0100-010F             10           1
        SFR3             0180-018F             10           1
        STACK            0110-016F             60           1
        STRCODE          0003-0003              1           2
                         07FF-07FF              1
                         0826-0AA6            281
                         1000-1FFF           1000
        STRING           0003-0003              1           2
                         07FF-07FF              1
                         0826-0AA6            100
                         1000-1FFF            100

                                  Symbol Table

?__Umul8_16                cstackBANK0  0020
?___awdiv                  cstackBANK0  0020
?___fldiv                  cstackBANK0  0020
?___flmul                  cstackBANK0  0029
?___fltol                  cstackBANK0  003A
?___lwdiv                  cstackBANK0  0020
?___lwmod                  cstackBANK0  0028
?___wmul                   cstackBANK0  0020
?___xxtofl                 cstackBANK0  0020
?_sprintf                  cstackBANK0  002E
Lcd_Cmd@a                  cstackBANK0  0023
Lcd_Port@a                 cstackBANK0  0020
Lcd_Set_Cursor@a           cstackBANK0  0027
Lcd_Set_Cursor@b           cstackBANK0  0024
Lcd_Set_Cursor@temp        cstackBANK0  002A
Lcd_Set_Cursor@y           cstackBANK0  0029
Lcd_Set_Cursor@z           cstackBANK0  0028
Lcd_Write_Char@a           cstackBANK0  0024
Lcd_Write_Char@temp        cstackBANK0  0022
Lcd_Write_Char@y           cstackBANK0  0023
Lcd_Write_String@a         cstackBANK0  0028
Lcd_Write_String@i         cstackBANK0  0026
Read_Temp@TempValue        cstackBANK0  0047
Servo_MoveTo@a             cstackBANK0  0020
_ADCON0bits                (abs)        001F
_ADCON1bits                (abs)        009F
_ADRESH                    (abs)        001E
_ADRESL                    (abs)        009E
_CCP1CON                   (abs)        0017
_CCP1IE                    (abs)        0462
_CCP1IF                    (abs)        0062
_CCPR1                     (abs)        0015
_Cal_PID                   text19       0E99
_GIE                       (abs)        005F
_INTE                      (abs)        005C
_INTEDG                    (abs)        040E
_INTF                      (abs)        0059
_ISR                       text22       0E02
_Lcd_Clear                 text16       0AB7
_Lcd_Cmd                   text17       0AF1
_Lcd_Init                  text15       0CB9
_Lcd_Port                  text18       0B0D
_Lcd_Set_Cursor            text14       0C61
_Lcd_Write_Char            text13       0BDE
_Lcd_Write_String          text12       0B2D
_OPTION_REG                (abs)        0081
_PEIE                      (abs)        005E
_PID_d                     bssBANK0     0054
_PID_error                 bssCOMMON    0077
_PID_i                     bssCOMMON    0075
_PID_p                     bssBANK0     0056
_PID_value                 bssBANK0     0058
_RB3                       (abs)        0033
_RB4                       (abs)        0034
_RB5                       (abs)        0035
_RB6                       (abs)        0036
_RB7                       (abs)        0037
_RBIE                      (abs)        005B
_RBIF                      (abs)        0058
_RC2                       (abs)        003A
_RD0                       (abs)        0040
_RD2                       (abs)        0042
_RD3                       (abs)        0043
_RD4                       (abs)        0044
_RD5                       (abs)        0045
_RD6                       (abs)        0046
_RD7                       (abs)        0047
_Read_Temp                 text6        0787
_Servo_MoveTo              text5        0AD9
_T1CKPS0                   (abs)        0084
_T1CKPS1                   (abs)        0085
_T2CON                     (abs)        0012
_TMR0                      (abs)        0001
_TMR0IE                    (abs)        005D
_TMR0IF                    (abs)        005A
_TMR1                      (abs)        000E
_TMR1CS                    (abs)        0081
_TMR1IE                    (abs)        0460
_TMR1IF                    (abs)        0060
_TMR1ON                    (abs)        0080
_TMR2                      (abs)        0011
_TMR2IE                    (abs)        0461
_TMR2IF                    (abs)        0061
_TRISA0                    (abs)        0428
_TRISB0                    (abs)        0430
_TRISB3                    (abs)        0433
_TRISB4                    (abs)        0434
_TRISB5                    (abs)        0435
_TRISB6                    (abs)        0436
_TRISB7                    (abs)        0437
_TRISC2                    (abs)        043A
_TRISD                     (abs)        0088
__Habs1                    abs1         0000
__Hbank0                   bank0        0000
__Hbank1                   bank1        0000
__Hbank2                   bank2        0000
__Hbank3                   bank3        0000
__HbssBANK0                bssBANK0     0000
__HbssBANK1                bssBANK1     0000
__HbssCOMMON               bssCOMMON    0000
__Hcinit                   cinit        0058
__Hclrtext                 clrtext      0000
__Hcode                    code         0000
__Hcommon                  common       0000
__Hconfig                  config       2008
__HcstackBANK0             cstackBANK0  0000
__HcstackBANK1             cstackBANK1  0000
__HcstackCOMMON            cstackCOMMON 0000
__HdataBANK0               dataBANK0    0000
__HdataBANK1               dataBANK1    0000
__Heeprom_data             eeprom_data  0000
__Hend_init                end_init     000F
__Hfunctab                 functab      0000
__HidataBANK0              idataBANK0   0000
__HidataBANK1              idataBANK1   0000
__Hinit                    init         000C
__Hintentry                intentry     000C
__Hmaintext                maintext     0000
__Hpowerup                 powerup      0000
__Hram                     ram          0000
__Hreset_vec               reset_vec    0003
__Hsfr0                    sfr0         0000
__Hsfr1                    sfr1         0000
__Hsfr2                    sfr2         0000
__Hsfr3                    sfr3         0000
__Hspace_0                 (abs)        1000
__Hspace_1                 (abs)        00B4
__Hspace_2                 (abs)        0000
__Hspace_3                 (abs)        0000
__Hspace_4                 (abs)        400F
__Hstack                   stack        0000
__Hstrings                 strings      0000
__Htext                    text         0000
__Labs1                    abs1         0000
__Lbank0                   bank0        0000
__Lbank1                   bank1        0000
__Lbank2                   bank2        0000
__Lbank3                   bank3        0000
__LbssBANK0                bssBANK0     0000
__LbssBANK1                bssBANK1     0000
__LbssCOMMON               bssCOMMON    0000
__Lcinit                   cinit        000F
__Lclrtext                 clrtext      0000
__Lcode                    code         0000
__Lcommon                  common       0000
__Lconfig                  config       0000
__LcstackBANK0             cstackBANK0  0000
__LcstackBANK1             cstackBANK1  0000
__LcstackCOMMON            cstackCOMMON 0000
__LdataBANK0               dataBANK0    0000
__LdataBANK1               dataBANK1    0000
__Leeprom_data             eeprom_data  0000
__Lend_init                end_init     000C
__Lfunctab                 functab      0000
__LidataBANK0              idataBANK0   0000
__LidataBANK1              idataBANK1   0000
__Linit                    init         000C
__Lintentry                intentry     0004
__Lmaintext                maintext     0000
__Lpowerup                 powerup      0000
__Lram                     ram          0000
__Lreset_vec               reset_vec    0000
__Lsfr0                    sfr0         0000
__Lsfr1                    sfr1         0000
__Lsfr2                    sfr2         0000
__Lsfr3                    sfr3         0000
__Lspace_0                 (abs)        0000
__Lspace_1                 (abs)        0000
__Lspace_2                 (abs)        0000
__Lspace_3                 (abs)        0000
__Lspace_4                 (abs)        0000
__Lstack                   stack        0000
__Lstrings                 strings      0000
__Ltext                    text         0000
__S0                       (abs)        1000
__S1                       (abs)        00B4
__S2                       (abs)        0000
__S3                       (abs)        0000
__Umul8_16                 text10       0B79
__Umul8_16@multiplicand    cstackBANK0  0020
__Umul8_16@multiplier      cstackBANK0  0028
__Umul8_16@product         cstackBANK0  0024
__Umul8_16@word_mpld       cstackBANK0  0026
___awdiv                   text21       0D1D
___awdiv@counter           cstackBANK0  0025
___awdiv@dividend          cstackBANK0  0022
___awdiv@divisor           cstackBANK0  0020
___awdiv@quotient          cstackBANK0  0027
___awdiv@sign              cstackBANK0  0026
___fldiv                   text11       03B9
___fldiv@a                 cstackBANK0  0020
___fldiv@aexp              cstackBANK0  0039
___fldiv@b                 cstackBANK0  0024
___fldiv@bexp              cstackBANK0  0038
___fldiv@grs               cstackBANK0  0034
___fldiv@new_exp           cstackBANK0  0032
___fldiv@rem               cstackBANK0  002D
___fldiv@sign              cstackBANK0  0031
___flmul                   text9        0058
___flmul@a                 cstackBANK0  002D
___flmul@aexp              cstackBANK0  0037
___flmul@b                 cstackBANK0  0029
___flmul@bexp              cstackBANK0  003C
___flmul@grs               cstackBANK0  0038
___flmul@prod              cstackBANK0  003D
___flmul@sign              cstackBANK0  0036
___flmul@temp              cstackBANK0  0041
___fltol                   text8        0D86
___fltol@exp1              cstackBANK0  0044
___fltol@f1                cstackBANK0  003A
___fltol@sign1             cstackBANK0  0043
___int_sp                  stack        0000
___latbits                 (abs)        0002
___lwdiv                   text3        0C1B
___lwdiv@counter           cstackBANK0  0025
___lwdiv@dividend          cstackBANK0  0022
___lwdiv@divisor           cstackBANK0  0020
___lwdiv@quotient          cstackBANK0  0026
___lwmod                   text2        0BA2
___lwmod@counter           cstackBANK0  002D
___lwmod@dividend          cstackBANK0  002A
___lwmod@divisor           cstackBANK0  0028
___sp                      stack        0000
___stackhi                 (abs)        0000
___stacklo                 (abs)        0000
___wmul                    text20       0B52
___wmul@multiplicand       cstackBANK0  0022
___wmul@multiplier         cstackBANK0  0020
___wmul@product            cstackBANK0  0024
___xxtofl                  text7        0F44
___xxtofl@arg              cstackBANK0  002A
___xxtofl@exp              cstackBANK0  0029
___xxtofl@sign             cstackBANK0  0028
___xxtofl@val              cstackBANK0  0020
__end_of_Cal_PID           text19       0F44
__end_of_ISR               text22       0E99
__end_of_Lcd_Clear         text16       0AC4
__end_of_Lcd_Cmd           text17       0B0D
__end_of_Lcd_Init          text15       0D1D
__end_of_Lcd_Port          text18       0B2D
__end_of_Lcd_Set_Cursor    text14       0CB9
__end_of_Lcd_Write_Char    text13       0C1B
__end_of_Lcd_Write_String  text12       0B52
__end_of_Read_Temp         text6        07FF
__end_of_Servo_MoveTo      text5        0AF1
__end_of__Umul8_16         text10       0BA2
__end_of___awdiv           text21       0D86
__end_of___fldiv           text11       0596
__end_of___flmul           text9        03B9
__end_of___fltol           text8        0E02
__end_of___lwdiv           text3        0C61
__end_of___lwmod           text2        0BDE
__end_of___wmul            text20       0B79
__end_of___xxtofl          text7        1000
__end_of__initialization   cinit        0054
__end_of__stringtab        strings      0806
__end_of_dpowers           strings      0810
__end_of_init_ADC          text4        0AD9
__end_of_main              maintext     069D
__end_of_sprintf           text1        0787
__initialization           cinit        000F
__pbssBANK0                bssBANK0     004C
__pbssBANK1                bssBANK1     00B0
__pbssCOMMON               bssCOMMON    0075
__pcstackBANK0             cstackBANK0  0020
__pcstackBANK1             cstackBANK1  00A0
__pcstackCOMMON            cstackCOMMON 0070
__pdataBANK0               dataBANK0    005E
__pdataBANK1               dataBANK1    00B2
__pidataBANK0              idataBANK0   0AA9
__pidataBANK1              idataBANK1   0AA7
__pintentry                intentry     0004
__pmaintext                maintext     0596
__pstrings                 strings      0800
__ptext1                   text1        069D
__ptext10                  text10       0B79
__ptext11                  text11       03B9
__ptext12                  text12       0B2D
__ptext13                  text13       0BDE
__ptext14                  text14       0C61
__ptext15                  text15       0CB9
__ptext16                  text16       0AB7
__ptext17                  text17       0AF1
__ptext18                  text18       0B0D
__ptext19                  text19       0E99
__ptext2                   text2        0BA2
__ptext20                  text20       0B52
__ptext21                  text21       0D1D
__ptext22                  text22       0E02
__ptext3                   text3        0C1B
__ptext4                   text4        0AC4
__ptext5                   text5        0AD9
__ptext6                   text6        0787
__ptext7                   text7        0F44
__ptext8                   text8        0D86
__ptext9                   text9        0058
__size_of_Cal_PID          (abs)        0000
__size_of_ISR              (abs)        0000
__size_of_Lcd_Clear        (abs)        0000
__size_of_Lcd_Cmd          (abs)        0000
__size_of_Lcd_Init         (abs)        0000
__size_of_Lcd_Port         (abs)        0000
__size_of_Lcd_Set_Cursor   (abs)        0000
__size_of_Lcd_Write_Char   (abs)        0000
__size_of_Lcd_Write_String (abs)        0000
__size_of_Read_Temp        (abs)        0000
__size_of_Servo_MoveTo     (abs)        0000
__size_of__Umul8_16        (abs)        0000
__size_of___awdiv          (abs)        0000
__size_of___fldiv          (abs)        0000
__size_of___flmul          (abs)        0000
__size_of___fltol          (abs)        0000
__size_of___lwdiv          (abs)        0000
__size_of___lwmod          (abs)        0000
__size_of___wmul           (abs)        0000
__size_of___xxtofl         (abs)        0000
__size_of_init_ADC         (abs)        0000
__size_of_main             (abs)        0000
__size_of_sprintf          (abs)        0000
__stringbase               strings      0805
__stringtab                strings      0800
_cnt0                      bssBANK0     0052
_cnt2                      bssBANK0     0050
_dpowers                   strings      0806
_init_ADC                  text4        0AC4
_main                      maintext     0596
_previous_error            bssBANK0     005A
_realValue                 bssBANK0     005C
_samp                      bssBANK0     004C
_setPoint                  dataBANK0    0062
_sprintf                   text1        069D
_tmp                       bssBANK0     004E
btemp                      (abs)        007E
clear_ram0                 clrtext      0AAF
end_of_initialization      cinit        0054
interrupt_function         intentry     0004
intlevel0                  functab      0000
intlevel1                  functab      0000
intlevel2                  functab      0000
intlevel3                  functab      0000
intlevel4                  functab      0000
intlevel5                  functab      0000
main@str                   cstackBANK1  00A0
reset_vec                  reset_vec    0000
saved_w                    (abs)        007E
sprintf@ap                 cstackBANK0  0034
sprintf@c                  cstackBANK0  003A
sprintf@f                  cstackBANK0  002E
sprintf@flag               cstackBANK0  0035
sprintf@prec               cstackBANK0  0036
sprintf@sp                 cstackBANK0  0039
sprintf@val                cstackBANK0  0037
start                      init         000C
start_initialization       cinit        000F
wtemp0                     (abs)        007E


MODULE INFORMATION

Module		Function		Class		Link	Load	Size
C:\Program Files\Microchip\xc8\v2.32\pic\sources\c90\common\xxtofl.c
		___xxtofl      		CODE           	0F44	0000	188

C:\Program Files\Microchip\xc8\v2.32\pic\sources\c90\common\xxtofl.c estimated size: 188

./lcd.h
		_Lcd_Write_String		CODE           	0B2D	0000	37
		_Lcd_Init      		CODE           	0CB9	0000	100
		_Lcd_Write_Char		CODE           	0BDE	0000	61
		_Lcd_Cmd       		CODE           	0AF1	0000	28
		_Lcd_Set_Cursor		CODE           	0C61	0000	88
		_Lcd_Clear     		CODE           	0AB7	0000	13
		_Lcd_Port      		CODE           	0B0D	0000	32

./lcd.h estimated size: 359

C:\Program Files\Microchip\xc8\v2.32\pic\sources\c90\common\Umul8_16.c
		__Umul8_16     		CODE           	0B79	0000	41

C:\Program Files\Microchip\xc8\v2.32\pic\sources\c90\common\Umul8_16.c estimated size: 41

C:\Program Files\Microchip\xc8\v2.32\pic\sources\c90\common\lwmod.c
		___lwmod       		CODE           	0BA2	0000	60

C:\Program Files\Microchip\xc8\v2.32\pic\sources\c90\common\lwmod.c estimated size: 60

shared
		__stringtab    		STRING         	0800	0000	6
		_dpowers       		STRING         	0806	0000	10
		__initialization		CODE           	000F	0000	69

shared estimated size: 85

C:\Program Files\Microchip\xc8\v2.32\pic\sources\c90\common\sprcmul.c
		___flmul       		CODE           	0058	0000	865

C:\Program Files\Microchip\xc8\v2.32\pic\sources\c90\common\sprcmul.c estimated size: 865

C:\Program Files\Microchip\xc8\v2.32\pic\sources\c90\common\sprcdiv.c
		___fldiv       		CODE           	03B9	0000	477

C:\Program Files\Microchip\xc8\v2.32\pic\sources\c90\common\sprcdiv.c estimated size: 477

C:\Program Files\Microchip\xc8\v2.32\pic\sources\c90\common\doprnt.c
		_sprintf       		CODE           	069D	0000	234

C:\Program Files\Microchip\xc8\v2.32\pic\sources\c90\common\doprnt.c estimated size: 234

C:\Program Files\Microchip\xc8\v2.32\pic\sources\c90\common\lwdiv.c
		___lwdiv       		CODE           	0C1B	0000	70

C:\Program Files\Microchip\xc8\v2.32\pic\sources\c90\common\lwdiv.c estimated size: 70

C:\Program Files\Microchip\xc8\v2.32\pic\sources\c90\common\awdiv.c
		___awdiv       		CODE           	0D1D	0000	105

C:\Program Files\Microchip\xc8\v2.32\pic\sources\c90\common\awdiv.c estimated size: 105

C:\Program Files\Microchip\xc8\v2.32\pic\sources\c90\common\Umul16.c
		___wmul        		CODE           	0B52	0000	39

C:\Program Files\Microchip\xc8\v2.32\pic\sources\c90\common\Umul16.c estimated size: 39

main.c
		_ISR           		CODE           	0E02	0000	151
		_main          		CODE           	0596	0000	263
		_Cal_PID       		CODE           	0E99	0000	171
		_init_ADC      		CODE           	0AC4	0000	21
		_Read_Temp     		CODE           	0787	0000	120
		_Servo_MoveTo  		CODE           	0AD9	0000	24

main.c estimated size: 750

C:\Program Files\Microchip\xc8\v2.32\pic\sources\c90\common\fltol.c
		___fltol       		CODE           	0D86	0000	124

C:\Program Files\Microchip\xc8\v2.32\pic\sources\c90\common\fltol.c estimated size: 124

